
=== F115W (ZP=28.087) ===
   MINCONT     Ndet  Nbright  FLAGS<2%  mean_n1
    0.0005    94569      131        9%     3.66
     0.002    88338       88       62%     0.59
     0.005    85047       77       74%     0.30
      0.01    82895       74       81%     0.24
      0.02    80900       72       88%     0.21
      0.05    78693       72       92%     0.18

=== F150W (ZP=28.087) ===
   MINCONT     Ndet  Nbright  FLAGS<2%  mean_n1
    0.0005    99764      174        3%     4.61
     0.002    93197      124       60%     0.71
     0.005    89355      111       72%     0.32
      0.01    87137      110       75%     0.32
      0.02    85085      107       79%     0.29
      0.05    82739      106       85%     0.29

=== F277W (ZP=28.087) ===
   MINCONT     Ndet  Nbright  FLAGS<2%  mean_n1
    0.0005   365167      140        5%     3.51
     0.002   351179      125       24%     1.17
     0.005   343184      108       32%     0.75
      0.01   336390       94       47%     0.39
      0.02   331123       85       54%     0.24
      0.05   325286       77       66%     0.12

=== F444W (ZP=28.087) ===
   MINCONT     Ndet  Nbright  FLAGS<2%  mean_n1
    0.0005   377671      123        2%     2.55
     0.002   363600      113       31%     0.87
     0.005   355854      102       38%     0.52
      0.01   351455       89       47%     0.27
      0.02   346931       82       59%     0.13
      0.05   341286       77       74%     0.01
